INFO:     Started server process [25244]
INFO:     Waiting for application startup.
INFO:     Application startup complete.
INFO:     Uvicorn running on http://127.0.0.1:8051 (Press CTRL+C to quit)
ERROR:    Exception in ASGI application
Traceback (most recent call last):
  File "C:\Users\shiva\Downloads\my project\.venv\Lib\site-packages\uvicorn\protocols\http\httptools_impl.py", line 422, in run_asgi
    result = await app(  # type: ignore[func-returns-value]
             ^^^^^^^^^^^^^^^^^^^^^^^^^^^^^^^^^^^^^^^^^^^^^^
  File "C:\Users\shiva\Downloads\my project\.venv\Lib\site-packages\uvicorn\middleware\proxy_headers.py", line 63, in __call__
    return await self.app(scope, receive, send)
           ^^^^^^^^^^^^^^^^^^^^^^^^^^^^^^^^^^^^
  File "C:\Users\shiva\Downloads\my project\.venv\Lib\site-packages\fastapi\applications.py", line 1163, in __call__
    await super().__call__(scope, receive, send)
  File "C:\Users\shiva\Downloads\my project\.venv\Lib\site-packages\starlette\applications.py", line 96, in __call__
    await self.middleware_stack(scope, receive, send)
  File "C:\Users\shiva\Downloads\my project\.venv\Lib\site-packages\starlette\middleware\errors.py", line 186, in __call__
    raise exc
  File "C:\Users\shiva\Downloads\my project\.venv\Lib\site-packages\starlette\middleware\errors.py", line 164, in __call__
    await self.app(scope, receive, _send)
  File "C:\Users\shiva\Downloads\my project\.venv\Lib\site-packages\starlette\middleware\cors.py", line 88, in __call__
    await self.app(scope, receive, send)
  File "C:\Users\shiva\Downloads\my project\.venv\Lib\site-packages\starlette\middleware\exceptions.py", line 63, in __call__
    await wrap_app_handling_exceptions(self.app, conn)(scope, receive, send)
  File "C:\Users\shiva\Downloads\my project\.venv\Lib\site-packages\starlette\_exception_handler.py", line 53, in wrapped_app
    raise exc
  File "C:\Users\shiva\Downloads\my project\.venv\Lib\site-packages\starlette\_exception_handler.py", line 42, in wrapped_app
    await app(scope, receive, sender)
  File "C:\Users\shiva\Downloads\my project\.venv\Lib\site-packages\fastapi\middleware\asyncexitstack.py", line 18, in __call__
    await self.app(scope, receive, send)
  File "C:\Users\shiva\Downloads\my project\.venv\Lib\site-packages\starlette\routing.py", line 670, in __call__
    await self.middleware_stack(scope, receive, send)
  File "C:\Users\shiva\Downloads\my project\.venv\Lib\site-packages\fastapi\routing.py", line 2734, in app
    await route.handle(scope, receive, send)
  File "C:\Users\shiva\Downloads\my project\.venv\Lib\site-packages\fastapi\routing.py", line 1281, in handle
    await super().handle(scope, receive, send)
  File "C:\Users\shiva\Downloads\my project\.venv\Lib\site-packages\starlette\routing.py", line 280, in handle
    await self.app(scope, receive, send)
  File "C:\Users\shiva\Downloads\my project\.venv\Lib\site-packages\fastapi\routing.py", line 158, in app
    await wrap_app_handling_exceptions(app, request)(scope, receive, send)
  File "C:\Users\shiva\Downloads\my project\.venv\Lib\site-packages\starlette\_exception_handler.py", line 53, in wrapped_app
    raise exc
  File "C:\Users\shiva\Downloads\my project\.venv\Lib\site-packages\starlette\_exception_handler.py", line 42, in wrapped_app
    await app(scope, receive, sender)
  File "C:\Users\shiva\Downloads\my project\.venv\Lib\site-packages\fastapi\routing.py", line 144, in app
    response = await f(request)
               ^^^^^^^^^^^^^^^^
  File "C:\Users\shiva\Downloads\my project\.venv\Lib\site-packages\fastapi\routing.py", line 706, in app
    raw_response = await run_endpoint_function(
                   ^^^^^^^^^^^^^^^^^^^^^^^^^^^^
  File "C:\Users\shiva\Downloads\my project\.venv\Lib\site-packages\fastapi\routing.py", line 354, in run_endpoint_function
    return await run_in_threadpool(dependant.call, **values)
           ^^^^^^^^^^^^^^^^^^^^^^^^^^^^^^^^^^^^^^^^^^^^^^^^^
  File "C:\Users\shiva\Downloads\my project\.venv\Lib\site-packages\starlette\concurrency.py", line 34, in run_in_threadpool
    return await anyio.to_thread.run_sync(func)
           ^^^^^^^^^^^^^^^^^^^^^^^^^^^^^^^^^^^^
  File "C:\Users\shiva\Downloads\my project\.venv\Lib\site-packages\anyio\to_thread.py", line 65, in run_sync
    return await get_async_backend().run_sync_in_worker_thread(
           ^^^^^^^^^^^^^^^^^^^^^^^^^^^^^^^^^^^^^^^^^^^^^^^^^^^^
  File "C:\Users\shiva\Downloads\my project\.venv\Lib\site-packages\anyio\_backends\_asyncio.py", line 2641, in run_sync_in_worker_thread
    return await future
           ^^^^^^^^^^^^
  File "C:\Users\shiva\Downloads\my project\.venv\Lib\site-packages\anyio\_backends\_asyncio.py", line 1033, in run
    result = context.run(func, *args)
             ^^^^^^^^^^^^^^^^^^^^^^^^
  File "C:\Users\shiva\Downloads\my project\backend\app\main.py", line 188, in sales_daily_forecast
    return engine.forecast_daily_sales(date, year, days, sales)
           ^^^^^^^^^^^^^^^^^^^^^^^^^^^^^^^^^^^^^^^^^^^^^^^^^^^^
  File "C:\Users\shiva\Downloads\my project\backend\app\analytics.py", line 444, in forecast_daily_sales
    model.fit(train_x[:split], train_y[:split])
  File "C:\Users\shiva\Downloads\my project\.venv\Lib\site-packages\sklearn\base.py", line 1403, in wrapper
    return fit_method(estimator, *args, **kwargs)
           ^^^^^^^^^^^^^^^^^^^^^^^^^^^^^^^^^^^^^^
  File "C:\Users\shiva\Downloads\my project\.venv\Lib\site-packages\sklearn\ensemble\_forest.py", line 468, in fit
    trees = Parallel(
            ^^^^^^^^^
  File "C:\Users\shiva\Downloads\my project\.venv\Lib\site-packages\sklearn\utils\parallel.py", line 91, in __call__
    return super().__call__(iterable_with_config_and_warning_filters)
           ^^^^^^^^^^^^^^^^^^^^^^^^^^^^^^^^^^^^^^^^^^^^^^^^^^^^^^^^^^
  File "C:\Users\shiva\Downloads\my project\.venv\Lib\site-packages\joblib\parallel.py", line 2070, in __call__
    next(output)
  File "C:\Users\shiva\Downloads\my project\.venv\Lib\site-packages\joblib\parallel.py", line 1675, in _get_outputs
    self._start(iterator, pre_dispatch)
  File "C:\Users\shiva\Downloads\my project\.venv\Lib\site-packages\joblib\parallel.py", line 1658, in _start
    if self.dispatch_one_batch(iterator):
       ^^^^^^^^^^^^^^^^^^^^^^^^^^^^^^^^^
  File "C:\Users\shiva\Downloads\my project\.venv\Lib\site-packages\joblib\parallel.py", line 1540, in dispatch_one_batch
    self._dispatch(tasks)
  File "C:\Users\shiva\Downloads\my project\.venv\Lib\site-packages\joblib\parallel.py", line 1437, in _dispatch
    job = self._backend.submit(batch, callback=batch_tracker)
          ^^^^^^^^^^^^^^^^^^^^^^^^^^^^^^^^^^^^^^^^^^^^^^^^^^^
  File "C:\Users\shiva\Downloads\my project\.venv\Lib\site-packages\joblib\_parallel_backends.py", line 339, in submit
    return self._get_pool().apply_async(
           ^^^^^^^^^^^^^^^^
  File "C:\Users\shiva\Downloads\my project\.venv\Lib\site-packages\joblib\_parallel_backends.py", line 507, in _get_pool
    self._pool = ThreadPool(self._n_jobs)
                 ^^^^^^^^^^^^^^^^^^^^^^^^
  File "C:\Users\shiva\AppData\Local\Programs\Python\Python311\Lib\multiprocessing\pool.py", line 930, in __init__
    Pool.__init__(self, processes, initializer, initargs)
  File "C:\Users\shiva\AppData\Local\Programs\Python\Python311\Lib\multiprocessing\pool.py", line 196, in __init__
    self._change_notifier = self._ctx.SimpleQueue()
                            ^^^^^^^^^^^^^^^^^^^^^^^
  File "C:\Users\shiva\AppData\Local\Programs\Python\Python311\Lib\multiprocessing\context.py", line 113, in SimpleQueue
    return SimpleQueue(ctx=self.get_context())
           ^^^^^^^^^^^^^^^^^^^^^^^^^^^^^^^^^^^
  File "C:\Users\shiva\AppData\Local\Programs\Python\Python311\Lib\multiprocessing\queues.py", line 340, in __init__
    self._reader, self._writer = connection.Pipe(duplex=False)
                                 ^^^^^^^^^^^^^^^^^^^^^^^^^^^^^
  File "C:\Users\shiva\AppData\Local\Programs\Python\Python311\Lib\multiprocessing\connection.py", line 557, in Pipe
    h2 = _winapi.CreateFile(
         ^^^^^^^^^^^^^^^^^^^
PermissionError: [WinError 5] Access is denied
